{
  "version": "1.5.0",
  "plugins_used": [
    {
      "name": "ArtifactoryDetector"
    },
    {
      "name": "AWSKeyDetector"
    },
    {
      "name": "AzureStorageKeyDetector"
    },
    {
      "name": "Base64HighEntropyString",
      "limit": 4.5
    },
    {
      "name": "BasicAuthDetector"
    },
    {
      "name": "CloudantDetector"
    },
    {
      "name": "DiscordBotTokenDetector"
    },
    {
      "name": "GitHubTokenDetector"
    },
    {
      "name": "GitLabTokenDetector"
    },
    {
      "name": "HexHighEntropyString",
      "limit": 3.0
    },
    {
      "name": "IbmCloudIamDetector"
    },
    {
      "name": "IbmCosHmacDetector"
    },
    {
      "name": "IPPublicDetector"
    },
    {
      "name": "JwtTokenDetector"
    },
    {
      "name": "KeywordDetector",
      "keyword_exclude": ""
    },
    {
      "name": "MailchimpDetector"
    },
    {
      "name": "NpmDetector"
    },
    {
      "name": "OpenAIDetector"
    },
    {
      "name": "PrivateKeyDetector"
    },
    {
      "name": "PypiTokenDetector"
    },
    {
      "name": "SendGridDetector"
    },
    {
      "name": "SlackDetector"
    },
    {
      "name": "SoftlayerDetector"
    },
    {
      "name": "SquareOAuthDetector"
    },
    {
      "name": "StripeDetector"
    },
    {
      "name": "TelegramBotTokenDetector"
    },
    {
      "name": "TwilioKeyDetector"
    }
  ],
  "filters_used": [
    {
      "path": "detect_secrets.filters.allowlist.is_line_allowlisted"
    },
    {
      "path": "detect_secrets.filters.common.is_baseline_file",
      "filename": ".secrets.baseline"
    },
    {
      "path": "detect_secrets.filters.common.is_ignored_due_to_verification_policies",
      "min_level": 2
    },
    {
      "path": "detect_secrets.filters.heuristic.is_indirect_reference"
    },
    {
      "path": "detect_secrets.filters.heuristic.is_likely_id_string"
    },
    {
      "path": "detect_secrets.filters.heuristic.is_lock_file"
    },
    {
      "path": "detect_secrets.filters.heuristic.is_not_alphanumeric_string"
    },
    {
      "path": "detect_secrets.filters.heuristic.is_potential_uuid"
    },
    {
      "path": "detect_secrets.filters.heuristic.is_prefixed_with_dollar_sign"
    },
    {
      "path": "detect_secrets.filters.heuristic.is_sequential_string"
    },
    {
      "path": "detect_secrets.filters.heuristic.is_swagger_file"
    },
    {
      "path": "detect_secrets.filters.heuristic.is_templated_secret"
    }
  ],
  "results": {
    ".env.example": [
      {
        "type": "Basic Auth Credentials",
        "filename": ".env.example",
        "hashed_secret": "b2195582373bcb2256c35388ade328f63e4f5314",
        "is_verified": false,
        "line_number": 172,
        "is_secret": false
      }
    ],
    "Makefile": [
      {
        "type": "Secret Keyword",
        "filename": "Makefile",
        "hashed_secret": "9423fdf6ff9c3df8f251d14c87ca5c7b1319e099",
        "is_verified": false,
        "line_number": 74,
        "is_secret": false
      }
    ],
    "python/alembic.ini": [
      {
        "type": "Basic Auth Credentials",
        "filename": "python/alembic.ini",
        "hashed_secret": "845fa3dbff9c96e5b17604e043c866d095b12225",
        "is_verified": false,
        "line_number": 8,
        "is_secret": false
      }
    ],
    "python/alembic/env.py": [
      {
        "type": "Basic Auth Credentials",
        "filename": "python/alembic/env.py",
        "hashed_secret": "9d4e1e23bd5b727046a9e3b4b7db57bd8d6ee684",
        "is_verified": false,
        "line_number": 50,
        "is_secret": false
      }
    ],
    "python/tests/unit/test_config.py": [
      {
        "type": "Secret Keyword",
        "filename": "python/tests/unit/test_config.py",
        "hashed_secret": "bc6121aa57cd1e8ed6c925567e1f867c10e15067",
        "is_verified": false,
        "line_number": 45,
        "is_secret": false
      },
      {
        "type": "Secret Keyword",
        "filename": "python/tests/unit/test_config.py",
        "hashed_secret": "c516090e934ecbcb68f7926148e7f0b85b23ebe8",
        "is_verified": false,
        "line_number": 88,
        "is_secret": false
      },
      {
        "type": "Secret Keyword",
        "filename": "python/tests/unit/test_config.py",
        "hashed_secret": "9dd172be5fdc5881fa7b916f6306706193c2355f",
        "is_verified": false,
        "line_number": 97,
        "is_secret": false
      },
      {
        "type": "Secret Keyword",
        "filename": "python/tests/unit/test_config.py",
        "hashed_secret": "f3bbbd66a63d4bf1747940578ec3d0103530e21d",
        "is_verified": false,
        "line_number": 155,
        "is_secret": false
      },
      {
        "type": "Basic Auth Credentials",
        "filename": "python/tests/unit/test_config.py",
        "hashed_secret": "09c386427558aaa3200187a6c799557a4fa444fe",
        "is_verified": false,
        "line_number": 183,
        "is_secret": false
      },
      {
        "type": "Secret Keyword",
        "filename": "python/tests/unit/test_config.py",
        "hashed_secret": "58c5e6dd1fc7b9907d1a2a488133cec94c0300e1",
        "is_verified": false,
        "line_number": 183,
        "is_secret": false
      }
    ],
    "tools/_ssh_check_face.py": [
      {
        "type": "Secret Keyword",
        "filename": "tools/_ssh_check_face.py",
        "hashed_secret": "9ecaa013ead830328a245ec0c21285e9690b345b",
        "is_verified": false,
        "line_number": 7,
        "is_secret": false
      }
    ],
    "tools/test_generate_secrets.py": [
      {
        "type": "Secret Keyword",
        "filename": "tools/test_generate_secrets.py",
        "hashed_secret": "0073c5e845e6d3c55f0d306078cf9479914f56a7",
        "is_verified": false,
        "line_number": 33,
        "is_secret": false
      },
      {
        "type": "Secret Keyword",
        "filename": "tools/test_generate_secrets.py",
        "hashed_secret": "9ecaa013ead830328a245ec0c21285e9690b345b",
        "is_verified": false,
        "line_number": 42,
        "is_secret": false
      },
      {
        "type": "Basic Auth Credentials",
        "filename": "tools/test_generate_secrets.py",
        "hashed_secret": "215717e6bd7e8a232d38a74c9044367b7bfc9ad4",
        "is_verified": false,
        "line_number": 66,
        "is_secret": false
      },
      {
        "type": "Secret Keyword",
        "filename": "tools/test_generate_secrets.py",
        "hashed_secret": "5ffe533b830f08a0326348a9160afafc8ada44db",
        "is_verified": false,
        "line_number": 84,
        "is_secret": false
      },
      {
        "type": "Secret Keyword",
        "filename": "tools/test_generate_secrets.py",
        "hashed_secret": "7cb6efb98ba5972a9b5090dc2e517fe14d12cb04",
        "is_verified": false,
        "line_number": 93,
        "is_secret": false
      }
    ],
    "tools/test_ssh_common.py": [
      {
        "type": "Secret Keyword",
        "filename": "tools/test_ssh_common.py",
        "hashed_secret": "5beb6dfae1c9698d0222ba1d30d27b54601d3e48",
        "is_verified": false,
        "line_number": 68,
        "is_secret": false
      }
    ]
  },
  "generated_at": "2026-09-06T09:10:37Z"
}
